=== PROFILE ===
{
  "found_skills": [
    "scaling startups",
    "vision",
    "cloud architecture",
    "generative ai",
    "microservices",
    "scaling",
    "innovation",
    "focus",
    "system design"
  ],
  "skill_categories": {
    "Technology & Engineering": [
      "system design",
      "microservices",
      "generative ai",
      "cloud architecture"
    ],
    "Business & Management": [
      "scaling startups"
    ],
    "Soft Skills & Universal": [
      "focus",
      "vision",
      "innovation",
      "scaling"
    ]
  },
  "skill_gaps": [
    "agile",
    "competitive analysis",
    "auditing",
    "full stack development",
    "venture capital",
    "programming",
    "digital marketing"
  ],
  "technologies": [
    "r"
  ],
  "action_profile": {},
  "industry": "Technology",
  "secondary_industry": "Arts",
  "vibe": "Strategic Visionary",
  "secondary_vibe": "Creative Free-Spirit",
  "career_stage": "Mid-Level",
  "years_of_experience": 7,
  "raw_text_length": 197
}
[Recommender] TF-IDF cache warmed: 6750 movies, 10000 features

=== RECOMMENDATIONS (first 3) ===

#1 Black Mirror [Web Series] (1.0)
Explanation: Your instinct for the long game will make Black Mirror resonate on a level casual viewers never reach. A deep dive into programming. By the end, you'll see these gaps as your greatest opportunities. The Technology context makes this more than entertainment ù it's professional development disguised as a story. This isn't just entertainment for you ù with your scaling background, it's a strategic debrief.

#2 Sleep Dealer [Movie] (0.9395)
Explanation: This matches your future-first mindset. The narrative arc in Sleep Dealer mirrors how paradigm-shifters actually think. Your career trajectory needs programming ù and this story delivers a visceral education in all of them. Every twist in this narrative reflects a real-world Technology scenario you're likely to encounter. Plus, it reinforces your existing command of scaling ù a reminder of how far you've already come.

#3 The Inventor: Out for Blood in Silicon Valley [Movie] (0.9092)
Explanation: As a strategic thinker, The Inventor: Out for Blood in Silicon Valley will feel like a roadmap for the kind of disruption you chase professionally. This one puts venture capital front and center, giving you a blueprint for the competencies you're still building. The Technology ecosystem is captured here with a fidelity that most documentaries can't match.
